app/(dashboard)/dashboard/my-complaints/page.tsx(14,28): error TS2339: Property 'userSearch' does not exist on type 'TSearchParams'.
app/(dashboard)/dashboard/my-complaints/page.tsx(24,36): error TS2345: Argument of type '{ search: any; then<TResult1 = { [key: string]: string | number | string[] | undefined; }, TResult2 = never>(onfulfilled?: ((value: { [key: string]: string | number | string[] | undefined; }) => TResult1 | PromiseLike<TResult1>) | null | undefined, onrejected?: ((reason: any) => TResult2 | PromiseLike<...>) | ... 1 ...' is not assignable to parameter of type 'Query'.
  Property 'then' is incompatible with index signature.
    Type '<TResult1 = { [key: string]: string | number | string[] | undefined; }, TResult2 = never>(onfulfilled?: ((value: { [key: string]: string | number | string[] | undefined; }) => TResult1 | PromiseLike<TResult1>) | null | undefined, onrejected?: ((reason: any) => TResult2 | PromiseLike<...>) | ... 1 more ... | undefine...' is not assignable to type 'string | number | string[] | undefined'.
app/(dashboard)/dashboard/my-complaints/page.tsx(26,37): error TS2345: Argument of type '{ search: any; then<TResult1 = { [key: string]: string | number | string[] | undefined; }, TResult2 = never>(onfulfilled?: ((value: { [key: string]: string | number | string[] | undefined; }) => TResult1 | PromiseLike<TResult1>) | null | undefined, onrejected?: ((reason: any) => TResult2 | PromiseLike<...>) | ... 1 ...' is not assignable to parameter of type 'Query'.
  Property 'then' is incompatible with index signature.
    Type '<TResult1 = { [key: string]: string | number | string[] | undefined; }, TResult2 = never>(onfulfilled?: ((value: { [key: string]: string | number | string[] | undefined; }) => TResult1 | PromiseLike<TResult1>) | null | undefined, onrejected?: ((reason: any) => TResult2 | PromiseLike<...>) | ... 1 more ... | undefine...' is not assignable to type 'string | number | string[] | undefined'.
app/(dashboard)/dashboard/my-complaints/page.tsx(31,21): error TS2345: Argument of type 'TSearchParams' is not assignable to parameter of type 'Query'.
  Index signature for type 'string' is missing in type 'Promise<{ [key: string]: string | number | string[] | undefined; }>'.
components/pages/dashboard/settings/apiIntegration/RedXCard.tsx(26,7): error TS2353: Object literal may only specify known properties, and 'api_key' does not exist in type 'AsyncDefaultValues<{ base_url: string; client_id: string; client_secret: string; username: string; password: string; grant_type: string; }> | { base_url?: string | undefined; ... 4 more ...; grant_type?: string | undefined; }'.
components/pages/dashboard/settings/apiIntegration/RedXCard.tsx(76,38): error TS2345: Argument of type '(data: TFormValues) => Promise<void>' is not assignable to parameter of type 'SubmitHandler<TFieldValues>'.
  Types of parameters 'data' and 'data' are incompatible.
    Type 'TFieldValues' is not assignable to type '{ base_url: string; client_id: string; client_secret: string; username: string; password: string; grant_type: string; }'.
      Type 'FieldValues' is missing the following properties from type '{ base_url: string; client_id: string; client_secret: string; username: string; password: string; grant_type: string; }': base_url, client_id, client_secret, username, and 2 more.
components/pages/dashboard/settings/apiIntegration/RedXCard.tsx(84,28): error TS2345: Argument of type '"api_key"' is not assignable to parameter of type '"password" | "username" | "base_url" | "client_id" | "client_secret" | "grant_type"'.
components/pages/dashboard/settings/apiIntegration/RedXCard.tsx(95,21): error TS2339: Property 'api_key' does not exist on type 'FieldErrors<{ base_url: string; client_id: string; client_secret: string; username: string; password: string; grant_type: string; }>'.
components/pages/dashboard/settings/apiIntegration/RedXCard.tsx(96,59): error TS2339: Property 'api_key' does not exist on type 'FieldErrors<{ base_url: string; client_id: string; client_secret: string; username: string; password: string; grant_type: string; }>'.
components/pages/dashboard/settings/apiIntegration/RedXCard.tsx(107,28): error TS2345: Argument of type '"api_secret"' is not assignable to parameter of type '"password" | "username" | "base_url" | "client_id" | "client_secret" | "grant_type"'.
components/pages/dashboard/settings/apiIntegration/RedXCard.tsx(118,21): error TS2339: Property 'api_secret' does not exist on type 'FieldErrors<{ base_url: string; client_id: string; client_secret: string; username: string; password: string; grant_type: string; }>'.
components/pages/dashboard/settings/apiIntegration/RedXCard.tsx(120,25): error TS2339: Property 'api_secret' does not exist on type 'FieldErrors<{ base_url: string; client_id: string; client_secret: string; username: string; password: string; grant_type: string; }>'.
components/pages/dashboard/settings/apiIntegration/SteadFastcard.tsx(26,7): error TS2353: Object literal may only specify known properties, and 'api_key' does not exist in type 'AsyncDefaultValues<{ base_url: string; client_id: string; client_secret: string; username: string; password: string; grant_type: string; }> | { base_url?: string | undefined; ... 4 more ...; grant_type?: string | undefined; }'.
components/pages/dashboard/settings/apiIntegration/SteadFastcard.tsx(76,38): error TS2345: Argument of type '(data: TFormValues) => Promise<void>' is not assignable to parameter of type 'SubmitHandler<TFieldValues>'.
  Types of parameters 'data' and 'data' are incompatible.
    Type 'TFieldValues' is not assignable to type '{ base_url: string; client_id: string; client_secret: string; username: string; password: string; grant_type: string; }'.
      Type 'FieldValues' is missing the following properties from type '{ base_url: string; client_id: string; client_secret: string; username: string; password: string; grant_type: string; }': base_url, client_id, client_secret, username, and 2 more.
components/pages/dashboard/settings/apiIntegration/SteadFastcard.tsx(84,28): error TS2345: Argument of type '"api_key"' is not assignable to parameter of type '"password" | "username" | "base_url" | "client_id" | "client_secret" | "grant_type"'.
components/pages/dashboard/settings/apiIntegration/SteadFastcard.tsx(95,21): error TS2339: Property 'api_key' does not exist on type 'FieldErrors<{ base_url: string; client_id: string; client_secret: string; username: string; password: string; grant_type: string; }>'.
components/pages/dashboard/settings/apiIntegration/SteadFastcard.tsx(96,59): error TS2339: Property 'api_key' does not exist on type 'FieldErrors<{ base_url: string; client_id: string; client_secret: string; username: string; password: string; grant_type: string; }>'.
components/pages/dashboard/settings/apiIntegration/SteadFastcard.tsx(107,28): error TS2345: Argument of type '"api_secret"' is not assignable to parameter of type '"password" | "username" | "base_url" | "client_id" | "client_secret" | "grant_type"'.
components/pages/dashboard/settings/apiIntegration/SteadFastcard.tsx(118,21): error TS2339: Property 'api_secret' does not exist on type 'FieldErrors<{ base_url: string; client_id: string; client_secret: string; username: string; password: string; grant_type: string; }>'.
components/pages/dashboard/settings/apiIntegration/SteadFastcard.tsx(120,25): error TS2339: Property 'api_secret' does not exist on type 'FieldErrors<{ base_url: string; client_id: string; client_secret: string; username: string; password: string; grant_type: string; }>'.
